AR datapath datapath C:/Users/Augusto/Documents/GitHub/Mips_pipeline/MipsPipeline/mips_multiciclo.vhd sub00/vhpl18 1445449107
AR diex diex C:/Users/Augusto/Documents/GitHub/Mips_pipeline/MipsPipeline/mips_multiciclo.vhd sub00/vhpl12 1445449101
EN reg_bank NULL C:/Users/Augusto/Documents/GitHub/Mips_pipeline/MipsPipeline/mips_multiciclo.vhd sub00/vhpl05 1445449094
AR regnbit regnbit C:/Users/Augusto/Documents/GitHub/Mips_pipeline/MipsPipeline/mips_multiciclo.vhd sub00/vhpl02 1445449087
EN exmem NULL C:/Users/Augusto/Documents/GitHub/Mips_pipeline/MipsPipeline/mips_multiciclo.vhd sub00/vhpl13 1445449102
EN bidi NULL C:/Users/Augusto/Documents/GitHub/Mips_pipeline/MipsPipeline/mips_multiciclo.vhd sub00/vhpl09 1445449098
AR exmem exmem C:/Users/Augusto/Documents/GitHub/Mips_pipeline/MipsPipeline/mips_multiciclo.vhd sub00/vhpl14 1445449103
EN mrstd NULL C:/Users/Augusto/Documents/GitHub/Mips_pipeline/MipsPipeline/mips_multiciclo.vhd sub00/vhpl21 1445449110
AR mrstd mrstd C:/Users/Augusto/Documents/GitHub/Mips_pipeline/MipsPipeline/mips_multiciclo.vhd sub00/vhpl22 1445449111
EN datapath NULL C:/Users/Augusto/Documents/GitHub/Mips_pipeline/MipsPipeline/mips_multiciclo.vhd sub00/vhpl17 1445449106
AR reg_bank reg_bank C:/Users/Augusto/Documents/GitHub/Mips_pipeline/MipsPipeline/mips_multiciclo.vhd sub00/vhpl06 1445449095
AR control_unit control_unit C:/Users/Augusto/Documents/GitHub/Mips_pipeline/MipsPipeline/mips_multiciclo.vhd sub00/vhpl20 1445449109
EN regnbit NULL C:/Users/Augusto/Documents/GitHub/Mips_pipeline/MipsPipeline/mips_multiciclo.vhd sub00/vhpl01 1445449086
AR alu alu C:/Users/Augusto/Documents/GitHub/Mips_pipeline/MipsPipeline/mips_multiciclo.vhd sub00/vhpl08 1445449097
EN diex NULL C:/Users/Augusto/Documents/GitHub/Mips_pipeline/MipsPipeline/mips_multiciclo.vhd sub00/vhpl11 1445449100
EN pulsesig NULL C:/Users/Augusto/Documents/GitHub/Mips_pipeline/MipsPipeline/mips_multiciclo.vhd sub00/vhpl25 1445449092
EN regbit NULL C:/Users/Augusto/Documents/GitHub/Mips_pipeline/MipsPipeline/mips_multiciclo.vhd sub00/vhpl03 1445449088
EN memer NULL C:/Users/Augusto/Documents/GitHub/Mips_pipeline/MipsPipeline/mips_multiciclo.vhd sub00/vhpl15 1445449104
AR regmins regmins C:/Users/Augusto/Documents/GitHub/Mips_pipeline/MipsPipeline/mips_multiciclo.vhd sub00/vhpl24 1445449091
PH p_mrstd NULL C:/Users/Augusto/Documents/GitHub/Mips_pipeline/MipsPipeline/mips_multiciclo.vhd sub00/vhpl00 1445449085
AR memer memer C:/Users/Augusto/Documents/GitHub/Mips_pipeline/MipsPipeline/mips_multiciclo.vhd sub00/vhpl16 1445449105
EN regmins NULL C:/Users/Augusto/Documents/GitHub/Mips_pipeline/MipsPipeline/mips_multiciclo.vhd sub00/vhpl23 1445449090
EN control_unit NULL C:/Users/Augusto/Documents/GitHub/Mips_pipeline/MipsPipeline/mips_multiciclo.vhd sub00/vhpl19 1445449108
AR pulsesig pulsesig C:/Users/Augusto/Documents/GitHub/Mips_pipeline/MipsPipeline/mips_multiciclo.vhd sub00/vhpl26 1445449093
AR bidi bidi C:/Users/Augusto/Documents/GitHub/Mips_pipeline/MipsPipeline/mips_multiciclo.vhd sub00/vhpl10 1445449099
AR regbit regbit C:/Users/Augusto/Documents/GitHub/Mips_pipeline/MipsPipeline/mips_multiciclo.vhd sub00/vhpl04 1445449089
EN alu NULL C:/Users/Augusto/Documents/GitHub/Mips_pipeline/MipsPipeline/mips_multiciclo.vhd sub00/vhpl07 1445449096
