AR datapath datapath "C:/Users/Augusto/Documents/ARQ/Pipeline 2.0/MipsPipeline/mips_multiciclo.vhd" sub00/vhpl18 1443465391
AR diex diex "C:/Users/Augusto/Documents/ARQ/Pipeline 2.0/MipsPipeline/mips_multiciclo.vhd" sub00/vhpl12 1443465385
EN reg_bank NULL "C:/Users/Augusto/Documents/ARQ/Pipeline 2.0/MipsPipeline/mips_multiciclo.vhd" sub00/vhpl05 1443465378
AR regnbit regnbit "C:/Users/Augusto/Documents/ARQ/Pipeline 2.0/MipsPipeline/mips_multiciclo.vhd" sub00/vhpl02 1443465371
EN exmem NULL "C:/Users/Augusto/Documents/ARQ/Pipeline 2.0/MipsPipeline/mips_multiciclo.vhd" sub00/vhpl13 1443465386
EN bidi NULL "C:/Users/Augusto/Documents/ARQ/Pipeline 2.0/MipsPipeline/mips_multiciclo.vhd" sub00/vhpl09 1443465382
AR exmem exmem "C:/Users/Augusto/Documents/ARQ/Pipeline 2.0/MipsPipeline/mips_multiciclo.vhd" sub00/vhpl14 1443465387
EN mrstd NULL "C:/Users/Augusto/Documents/ARQ/Pipeline 2.0/MipsPipeline/mips_multiciclo.vhd" sub00/vhpl21 1443465394
AR mrstd mrstd "C:/Users/Augusto/Documents/ARQ/Pipeline 2.0/MipsPipeline/mips_multiciclo.vhd" sub00/vhpl22 1443465395
EN datapath NULL "C:/Users/Augusto/Documents/ARQ/Pipeline 2.0/MipsPipeline/mips_multiciclo.vhd" sub00/vhpl17 1443465390
AR reg_bank reg_bank "C:/Users/Augusto/Documents/ARQ/Pipeline 2.0/MipsPipeline/mips_multiciclo.vhd" sub00/vhpl06 1443465379
AR control_unit control_unit "C:/Users/Augusto/Documents/ARQ/Pipeline 2.0/MipsPipeline/mips_multiciclo.vhd" sub00/vhpl20 1443465393
EN regnbit NULL "C:/Users/Augusto/Documents/ARQ/Pipeline 2.0/MipsPipeline/mips_multiciclo.vhd" sub00/vhpl01 1443465370
AR alu alu "C:/Users/Augusto/Documents/ARQ/Pipeline 2.0/MipsPipeline/mips_multiciclo.vhd" sub00/vhpl08 1443465381
EN diex NULL "C:/Users/Augusto/Documents/ARQ/Pipeline 2.0/MipsPipeline/mips_multiciclo.vhd" sub00/vhpl11 1443465384
EN pulsesig NULL "C:/Users/Augusto/Documents/ARQ/Pipeline 2.0/MipsPipeline/mips_multiciclo.vhd" sub00/vhpl25 1443465376
EN regbit NULL "C:/Users/Augusto/Documents/ARQ/Pipeline 2.0/MipsPipeline/mips_multiciclo.vhd" sub00/vhpl03 1443465372
EN memer NULL "C:/Users/Augusto/Documents/ARQ/Pipeline 2.0/MipsPipeline/mips_multiciclo.vhd" sub00/vhpl15 1443465388
AR regmins regmins "C:/Users/Augusto/Documents/ARQ/Pipeline 2.0/MipsPipeline/mips_multiciclo.vhd" sub00/vhpl24 1443465375
PH p_mrstd NULL "C:/Users/Augusto/Documents/ARQ/Pipeline 2.0/MipsPipeline/mips_multiciclo.vhd" sub00/vhpl00 1443465369
AR memer memer "C:/Users/Augusto/Documents/ARQ/Pipeline 2.0/MipsPipeline/mips_multiciclo.vhd" sub00/vhpl16 1443465389
EN control_unit NULL "C:/Users/Augusto/Documents/ARQ/Pipeline 2.0/MipsPipeline/mips_multiciclo.vhd" sub00/vhpl19 1443465392
EN regmins NULL "C:/Users/Augusto/Documents/ARQ/Pipeline 2.0/MipsPipeline/mips_multiciclo.vhd" sub00/vhpl23 1443465374
AR pulsesig pulsesig "C:/Users/Augusto/Documents/ARQ/Pipeline 2.0/MipsPipeline/mips_multiciclo.vhd" sub00/vhpl26 1443465377
AR bidi bidi "C:/Users/Augusto/Documents/ARQ/Pipeline 2.0/MipsPipeline/mips_multiciclo.vhd" sub00/vhpl10 1443465383
AR regbit regbit "C:/Users/Augusto/Documents/ARQ/Pipeline 2.0/MipsPipeline/mips_multiciclo.vhd" sub00/vhpl04 1443465373
EN alu NULL "C:/Users/Augusto/Documents/ARQ/Pipeline 2.0/MipsPipeline/mips_multiciclo.vhd" sub00/vhpl07 1443465380
