AR datapath datapath C:/Users/Augusto/Documents/GitHub/Mips_pipeline/MipsPipeline/mips_multiciclo.vhd sub00/vhpl18 1445616782
AR diex diex C:/Users/Augusto/Documents/GitHub/Mips_pipeline/MipsPipeline/mips_multiciclo.vhd sub00/vhpl12 1445616774
EN reg_bank NULL C:/Users/Augusto/Documents/GitHub/Mips_pipeline/MipsPipeline/mips_multiciclo.vhd sub00/vhpl05 1445616767
AR fwunit fwunit C:/Users/Augusto/Documents/GitHub/Mips_pipeline/MipsPipeline/mips_multiciclo.vhd sub00/vhpl28 1445616780
AR regnbit regnbit C:/Users/Augusto/Documents/GitHub/Mips_pipeline/MipsPipeline/mips_multiciclo.vhd sub00/vhpl02 1445616760
EN exmem NULL C:/Users/Augusto/Documents/GitHub/Mips_pipeline/MipsPipeline/mips_multiciclo.vhd sub00/vhpl13 1445616775
EN bidi NULL C:/Users/Augusto/Documents/GitHub/Mips_pipeline/MipsPipeline/mips_multiciclo.vhd sub00/vhpl09 1445616771
AR exmem exmem C:/Users/Augusto/Documents/GitHub/Mips_pipeline/MipsPipeline/mips_multiciclo.vhd sub00/vhpl14 1445616776
EN mrstd NULL C:/Users/Augusto/Documents/GitHub/Mips_pipeline/MipsPipeline/mips_multiciclo.vhd sub00/vhpl21 1445616785
AR mrstd mrstd C:/Users/Augusto/Documents/GitHub/Mips_pipeline/MipsPipeline/mips_multiciclo.vhd sub00/vhpl22 1445616786
EN datapath NULL C:/Users/Augusto/Documents/GitHub/Mips_pipeline/MipsPipeline/mips_multiciclo.vhd sub00/vhpl17 1445616781
EN fwunit NULL C:/Users/Augusto/Documents/GitHub/Mips_pipeline/MipsPipeline/mips_multiciclo.vhd sub00/vhpl27 1445616779
AR reg_bank reg_bank C:/Users/Augusto/Documents/GitHub/Mips_pipeline/MipsPipeline/mips_multiciclo.vhd sub00/vhpl06 1445616768
AR control_unit control_unit C:/Users/Augusto/Documents/GitHub/Mips_pipeline/MipsPipeline/mips_multiciclo.vhd sub00/vhpl20 1445616784
EN regnbit NULL C:/Users/Augusto/Documents/GitHub/Mips_pipeline/MipsPipeline/mips_multiciclo.vhd sub00/vhpl01 1445616759
AR alu alu C:/Users/Augusto/Documents/GitHub/Mips_pipeline/MipsPipeline/mips_multiciclo.vhd sub00/vhpl08 1445616770
EN diex NULL C:/Users/Augusto/Documents/GitHub/Mips_pipeline/MipsPipeline/mips_multiciclo.vhd sub00/vhpl11 1445616773
EN pulsesig NULL C:/Users/Augusto/Documents/GitHub/Mips_pipeline/MipsPipeline/mips_multiciclo.vhd sub00/vhpl25 1445616765
EN regbit NULL C:/Users/Augusto/Documents/GitHub/Mips_pipeline/MipsPipeline/mips_multiciclo.vhd sub00/vhpl03 1445616761
EN memer NULL C:/Users/Augusto/Documents/GitHub/Mips_pipeline/MipsPipeline/mips_multiciclo.vhd sub00/vhpl15 1445616777
AR regmins regmins C:/Users/Augusto/Documents/GitHub/Mips_pipeline/MipsPipeline/mips_multiciclo.vhd sub00/vhpl24 1445616764
PH p_mrstd NULL C:/Users/Augusto/Documents/GitHub/Mips_pipeline/MipsPipeline/mips_multiciclo.vhd sub00/vhpl00 1445616758
AR memer memer C:/Users/Augusto/Documents/GitHub/Mips_pipeline/MipsPipeline/mips_multiciclo.vhd sub00/vhpl16 1445616778
EN regmins NULL C:/Users/Augusto/Documents/GitHub/Mips_pipeline/MipsPipeline/mips_multiciclo.vhd sub00/vhpl23 1445616763
EN control_unit NULL C:/Users/Augusto/Documents/GitHub/Mips_pipeline/MipsPipeline/mips_multiciclo.vhd sub00/vhpl19 1445616783
AR pulsesig pulsesig C:/Users/Augusto/Documents/GitHub/Mips_pipeline/MipsPipeline/mips_multiciclo.vhd sub00/vhpl26 1445616766
AR bidi bidi C:/Users/Augusto/Documents/GitHub/Mips_pipeline/MipsPipeline/mips_multiciclo.vhd sub00/vhpl10 1445616772
AR regbit regbit C:/Users/Augusto/Documents/GitHub/Mips_pipeline/MipsPipeline/mips_multiciclo.vhd sub00/vhpl04 1445616762
EN alu NULL C:/Users/Augusto/Documents/GitHub/Mips_pipeline/MipsPipeline/mips_multiciclo.vhd sub00/vhpl07 1445616769
