V3 41
FL "C:/Users/Augusto/Documents/ARQ/Pipeline 2.0/MipsPipeline/mips_multiciclo.vhd" 2015/09/28.15:36:01 P.20131013
FL C:/Users/Augusto/Documents/ARQ/Pipeline/MipsPipeline/mips_multiciclo.vhd 2015/09/27.18:24:55 P.20131013
FL C:/Users/Augusto/Documents/GitHub/Mips_pipeline/MipsPipeline/mips_multiciclo.vhd 2015/10/21.15:38:02 P.20131013
PH work/p_MRstd 1445449085 \
      FL C:/Users/Augusto/Documents/GitHub/Mips_pipeline/MipsPipeline/mips_multiciclo.vhd \
      PB ieee/std_logic_1164 1381692176
EN work/regnbit 1445449086 \
      FL C:/Users/Augusto/Documents/GitHub/Mips_pipeline/MipsPipeline/mips_multiciclo.vhd \
      PB ieee/std_logic_1164 1381692176
AR work/regnbit/regnbit 1445449087 \
      FL C:/Users/Augusto/Documents/GitHub/Mips_pipeline/MipsPipeline/mips_multiciclo.vhd \
      EN work/regnbit 1445449086
EN work/regbit 1445449088 \
      FL C:/Users/Augusto/Documents/GitHub/Mips_pipeline/MipsPipeline/mips_multiciclo.vhd \
      PB ieee/std_logic_1164 1381692176
AR work/regbit/regbit 1445449089 \
      FL C:/Users/Augusto/Documents/GitHub/Mips_pipeline/MipsPipeline/mips_multiciclo.vhd \
      EN work/regbit 1445449088
EN work/regmins 1445449090 \
      FL C:/Users/Augusto/Documents/GitHub/Mips_pipeline/MipsPipeline/mips_multiciclo.vhd \
      PB ieee/std_logic_1164 1381692176 PH work/p_MRstd 1445449085
AR work/regmins/regmins 1445449091 \
      FL C:/Users/Augusto/Documents/GitHub/Mips_pipeline/MipsPipeline/mips_multiciclo.vhd \
      EN work/regmins 1445449090
EN work/pulsesig 1445449092 \
      FL C:/Users/Augusto/Documents/GitHub/Mips_pipeline/MipsPipeline/mips_multiciclo.vhd \
      PB ieee/std_logic_1164 1381692176 PH work/p_MRstd 1445449085
AR work/pulsesig/pulsesig 1445449093 \
      FL C:/Users/Augusto/Documents/GitHub/Mips_pipeline/MipsPipeline/mips_multiciclo.vhd \
      EN work/pulsesig 1445449092
EN work/reg_bank 1445449094 \
      FL C:/Users/Augusto/Documents/GitHub/Mips_pipeline/MipsPipeline/mips_multiciclo.vhd \
      PB ieee/std_logic_1164 1381692176 PB ieee/STD_LOGIC_UNSIGNED 1381692179 \
      PH work/p_MRstd 1445449085
AR work/reg_bank/reg_bank 1445449095 \
      FL C:/Users/Augusto/Documents/GitHub/Mips_pipeline/MipsPipeline/mips_multiciclo.vhd \
      EN work/reg_bank 1445449094 CP work/regnbit
EN work/alu 1445449096 \
      FL C:/Users/Augusto/Documents/GitHub/Mips_pipeline/MipsPipeline/mips_multiciclo.vhd \
      PB ieee/std_logic_1164 1381692176 PB ieee/STD_LOGIC_UNSIGNED 1381692179 \
      PB ieee/std_logic_arith 1381692177 PH work/p_MRstd 1445449085
AR work/alu/alu 1445449097 \
      FL C:/Users/Augusto/Documents/GitHub/Mips_pipeline/MipsPipeline/mips_multiciclo.vhd \
      EN work/alu 1445449096 PB ieee/STD_LOGIC_SIGNED 1381692178
EN work/BIDI 1445449098 \
      FL C:/Users/Augusto/Documents/GitHub/Mips_pipeline/MipsPipeline/mips_multiciclo.vhd \
      PB ieee/std_logic_1164 1381692176 PB ieee/STD_LOGIC_UNSIGNED 1381692179 \
      PB ieee/std_logic_arith 1381692177 PH work/p_MRstd 1445449085
AR work/BIDI/BIDI 1445449099 \
      FL C:/Users/Augusto/Documents/GitHub/Mips_pipeline/MipsPipeline/mips_multiciclo.vhd \
      EN work/BIDI 1445449098 CP work/regnbit
EN work/DIEX 1445449100 \
      FL C:/Users/Augusto/Documents/GitHub/Mips_pipeline/MipsPipeline/mips_multiciclo.vhd \
      PB ieee/std_logic_1164 1381692176 PB ieee/STD_LOGIC_UNSIGNED 1381692179 \
      PB ieee/std_logic_arith 1381692177 PH work/p_MRstd 1445449085
AR work/DIEX/DIEX 1445449101 \
      FL C:/Users/Augusto/Documents/GitHub/Mips_pipeline/MipsPipeline/mips_multiciclo.vhd \
      EN work/DIEX 1445449100 CP work/regnbit CP work/regmins
EN work/EXMEM 1445449102 \
      FL C:/Users/Augusto/Documents/GitHub/Mips_pipeline/MipsPipeline/mips_multiciclo.vhd \
      PB ieee/std_logic_1164 1381692176 PB ieee/STD_LOGIC_UNSIGNED 1381692179 \
      PB ieee/std_logic_arith 1381692177 PH work/p_MRstd 1445449085
AR work/EXMEM/EXMEM 1445449103 \
      FL C:/Users/Augusto/Documents/GitHub/Mips_pipeline/MipsPipeline/mips_multiciclo.vhd \
      EN work/EXMEM 1445449102 CP work/regnbit CP work/regmins CP work/regbit
EN work/MEMER 1445449104 \
      FL C:/Users/Augusto/Documents/GitHub/Mips_pipeline/MipsPipeline/mips_multiciclo.vhd \
      PB ieee/std_logic_1164 1381692176 PB ieee/STD_LOGIC_UNSIGNED 1381692179 \
      PB ieee/std_logic_arith 1381692177 PH work/p_MRstd 1445449085
AR work/MEMER/MEMER 1445449105 \
      FL C:/Users/Augusto/Documents/GitHub/Mips_pipeline/MipsPipeline/mips_multiciclo.vhd \
      EN work/MEMER 1445449104 CP work/regnbit CP work/regmins CP work/regbit
EN work/datapath 1445449106 \
      FL C:/Users/Augusto/Documents/GitHub/Mips_pipeline/MipsPipeline/mips_multiciclo.vhd \
      PB ieee/std_logic_1164 1381692176 PB ieee/STD_LOGIC_SIGNED 1381692178 \
      PB ieee/std_logic_arith 1381692177 PH work/p_MRstd 1445449085
AR work/datapath/datapath 1445449107 \
      FL C:/Users/Augusto/Documents/GitHub/Mips_pipeline/MipsPipeline/mips_multiciclo.vhd \
      EN work/datapath 1445449106 CP work/BIDI AR work/reg_bank/reg_bank 1445449095 \
      CP work/DIEX CP work/alu CP work/EXMEM CP work/MEMER CP work/pulsesig \
      CP work/regnbit
EN work/control_unit 1445449108 \
      FL C:/Users/Augusto/Documents/GitHub/Mips_pipeline/MipsPipeline/mips_multiciclo.vhd \
      PB ieee/std_logic_1164 1381692176 PH work/p_MRstd 1445449085
AR work/control_unit/control_unit 1445449109 \
      FL C:/Users/Augusto/Documents/GitHub/Mips_pipeline/MipsPipeline/mips_multiciclo.vhd \
      EN work/control_unit 1445449108
EN work/MRstd 1445449110 \
      FL C:/Users/Augusto/Documents/GitHub/Mips_pipeline/MipsPipeline/mips_multiciclo.vhd \
      PB ieee/std_logic_1164 1381692176 PH work/p_MRstd 1445449085
AR work/MRstd/MRstd 1445449111 \
      FL C:/Users/Augusto/Documents/GitHub/Mips_pipeline/MipsPipeline/mips_multiciclo.vhd \
      EN work/MRstd 1445449110 CP work/datapath CP work/control_unit
